[en.fhpassword.com/index.html]
[backblue.gif]
[fade.gif]
[index.html]
[en.fhpassword.com/assets/vendor/bootstrap/css/bootstrap.min.css]
[en.fhpassword.com/assets/vendor/icofont/icofont.min.css]
[en.fhpassword.com/assets/vendor/boxicons/css/boxicons.min.css]
[en.fhpassword.com/assets/vendor/venobox/venobox.css]
[en.fhpassword.com/assets/vendor/aos/aos.css]
[en.fhpassword.com/assets/css/style.css]
[en.fhpassword.com/assets/img/fav.jpg]
[en.fhpassword.com/fb-hack.html]
[en.fhpassword.com/assets/img/hack-fb-online.png]
[en.fhpassword.com/cdn-cgi/l/email-protection.html]
[en.fhpassword.com/cdn-cgi/scripts/5c5dd728/cloudflare-static/email-decode.min.js]
[en.fhpassword.com/assets/vendor/jquery/jquery.min.js]
[en.fhpassword.com/assets/vendor/bootstrap/js/bootstrap.bundle.min.js]
[en.fhpassword.com/assets/vendor/jquery.easing/jquery.easing.min.js]
[en.fhpassword.com/assets/vendor/php-email-form/validate.js]
[en.fhpassword.com/assets/vendor/isotope-layout/isotope.pkgd.min.js]
[en.fhpassword.com/assets/vendor/venobox/venobox.min.js]
[en.fhpassword.com/assets/vendor/aos/aos.js]
[en.fhpassword.com/assets/js/main.js]
[en.fhpassword.com/index.html]
[en.fhpassword.com/assets/vendor/bootstrap/css/bootstrap.min.css]
[en.fhpassword.com/assets/vendor/icofont/fonts/icofont.woff2]
[en.fhpassword.com/assets/vendor/icofont/fonts/icofont.woff]
[en.fhpassword.com/assets/vendor/icofont/icofont.min.css]
[en.fhpassword.com/assets/vendor/boxicons/fonts/boxicons.woff2]
[en.fhpassword.com/assets/vendor/boxicons/fonts/boxicons.eot]
[en.fhpassword.com/assets/vendor/boxicons/fonts/boxicons.woff]
[en.fhpassword.com/assets/vendor/boxicons/fonts/boxicons.ttf]
[en.fhpassword.com/assets/vendor/boxicons/css/boxicons.min.css]
[en.fhpassword.com/assets/vendor/venobox/venobox.css]
[en.fhpassword.com/assets/vendor/aos/aos.css]
[en.fhpassword.com/assets/vendor/boxicons/fonts/boxiconsd41d.svg]
[en.fhpassword.com/assets/img/about.jpg]
[en.fhpassword.com/assets/img/footer-bg.jpg]
[en.fhpassword.com/assets/css/style.css]
[en.fhpassword.com/fbhack/index4620.html]
[en.fhpassword.com/fbhack/indexed6f.html]
[en.fhpassword.com/fb-hack.html]
[en.fhpassword.com/cdn-cgi/l/email-protection.html]
[en.fhpassword.com/assets/vendor/boxicons/fonts/boxiconsd41d.svg]
[en.fhpassword.com/fbhack/indexf0d4.html]
[ajax.googleapis.com/ajax/libs/jquery/3.4.1/jquery.min.js]
[en.fhpassword.com/fbhack/images/facbook-hack-logo.png]
[en.fhpassword.com/fbhack/css/final.css]
[en.fhpassword.com/fbhack/custom.css]
[maxcdn.bootstrapcdn.com/bootstrap/3.4.0/css/bootstrap.min.css]
[cdnjs.cloudflare.com/ajax/libs/font-awesome/5.11.2/css/all.css]
[en.fhpassword.com/fbhack/images/bg.jpg]
[en.fhpassword.com/fbhack/people/58.jpg]
[en.fhpassword.com/fbhack/people/33.jpg]
[en.fhpassword.com/fbhack/people/16.jpg]
[en.fhpassword.com/fbhack/people/2.jpg]
[en.fhpassword.com/fbhack/people/12.jpg]
[en.fhpassword.com/fbhack/images/divide.png]
[en.fhpassword.com/fbhack/images/hacked.jpg]
[en.fhpassword.com/fbhack/images/f1.jpg]
[en.fhpassword.com/fbhack/images/f2.jpg]
[en.fhpassword.com/fbhack/images/f3.jpg]
[en.fhpassword.com/fbhack/images/f4.jpg]
[en.fhpassword.com/fbhack/images/f5.jpg]
[en.fhpassword.com/fbhack/images/fb.png]
[en.fhpassword.com/fbhack/index.html]
[en.fhpassword.com/fbhack/index4620.html]
[en.fhpassword.com/fbhack/people/28.jpg]
[en.fhpassword.com/fbhack/people/81.jpg]
[en.fhpassword.com/fbhack/people/17.jpg]
[en.fhpassword.com/fbhack/people/18.jpg]
[en.fhpassword.com/fbhack/people/27.jpg]
[en.fhpassword.com/fbhack/indexed6f.html]
[en.fhpassword.com/fbhack/people/88.jpg]
[en.fhpassword.com/fbhack/people/79.jpg]
[en.fhpassword.com/fbhack/people/78.jpg]
[en.fhpassword.com/fbhack/people/10.jpg]
[en.fhpassword.com/fbhack/people/21.jpg]
[en.fhpassword.com/fbhack/indexf0d4.html]
[en.fhpassword.com/fbhack/css/final.css]
[en.fhpassword.com/fbhack/custom.css]
[maxcdn.bootstrapcdn.com/bootstrap/3.4.0/css/bootstrap.min.css]
[cdnjs.cloudflare.com/ajax/libs/font-awesome/5.11.2/css/all.css]
[en.fhpassword.com/fbhack/people/20.jpg]
[en.fhpassword.com/fbhack/people/77.jpg]
[en.fhpassword.com/fbhack/people/80.jpg]
[en.fhpassword.com/fbhack/people/68.jpg]
[en.fhpassword.com/fbhack/index.html]
